--------------------------------------------------------------------------------------
Timing Analyzer Summary
--------------------------------------------------------------------------------------

Type           : Worst-case tco
Slack          : N/A
Required Time  : None
Actual Time    : 37.799 ns
From           : 74161:inst14|f74161:sub|9
To             : a
From Clock     : osc
To Clock       : --
Failed Paths   : 0

Type           : Worst-case tpd
Slack          : N/A
Required Time  : None
Actual Time    : 15.333 ns
From           : SW14
To             : b
From Clock     : --
To Clock       : --
Failed Paths   : 0

Type           : Clock Setup: 'osc'
Slack          : N/A
Required Time  : None
Actual Time    : Restricted to 275.03 MHz ( period = 3.636 ns )
From           : 74161:inst14|f74161:sub|9
To             : 74161:inst14|f74161:sub|87
From Clock     : osc
To Clock       : osc
Failed Paths   : 0

Type           : Total number of failed paths
Slack          : 
Required Time  : 
Actual Time    : 
From           : 
To             : 
From Clock     : 
To Clock       : 
Failed Paths   : 0

--------------------------------------------------------------------------------------

